{"session_id": "add_files"}
{"msg": "Files have been added"}
